ERROR - 2026-04-20 12:52:21 --> Error connecting to the database: mysqli_sql_exception: No such file or directory in /home/itu/Documents/WEB/codeligner/modelCodeigniter/codeigniter4-framework-b3359be/system/Database/MySQLi/Connection.php:201
Stack trace:
#0 /home/itu/Documents/WEB/codeligner/modelCodeigniter/codeigniter4-framework-b3359be/system/Database/MySQLi/Connection.php(201): mysqli->real_connect()
#1 /home/itu/Documents/WEB/codeligner/modelCodeigniter/codeigniter4-framework-b3359be/system/Database/BaseConnection.php(555): CodeIgniter\Database\MySQLi\Connection->connect()
#2 /home/itu/Documents/WEB/codeligner/modelCodeigniter/codeigniter4-framework-b3359be/system/Database/BaseConnection.php(795): CodeIgniter\Database\BaseConnection->initialize()
#3 /home/itu/Documents/WEB/codeligner/modelCodeigniter/codeigniter4-framework-b3359be/system/Database/BaseBuilder.php(1733): CodeIgniter\Database\BaseConnection->query()
#4 /home/itu/Documents/WEB/codeligner/modelCodeigniter/codeigniter4-framework-b3359be/system/Model.php(523): CodeIgniter\Database\BaseBuilder->countAllResults()
#5 /home/itu/Documents/WEB/codeligner/modelCodeigniter/codeigniter4-framework-b3359be/system/BaseModel.php(1333): CodeIgniter\Model->countAllResults()
#6 /home/itu/Documents/WEB/codeligner/modelCodeigniter/codeigniter4-framework-b3359be/app/Models/LivreModel.php(90): CodeIgniter\BaseModel->paginate()
#7 /home/itu/Documents/WEB/codeligner/modelCodeigniter/codeigniter4-framework-b3359be/app/Controllers/Livres.php(32): App\Models\LivreModel->getPaginatedLivres()
#8 /home/itu/Documents/WEB/codeligner/modelCodeigniter/codeigniter4-framework-b3359be/system/CodeIgniter.php(951): App\Controllers\Livres->index()
#9 /home/itu/Documents/WEB/codeligner/modelCodeigniter/codeigniter4-framework-b3359be/system/CodeIgniter.php(497): CodeIgniter\CodeIgniter->runController()
#10 /home/itu/Documents/WEB/codeligner/modelCodeigniter/codeigniter4-framework-b3359be/system/CodeIgniter.php(340): CodeIgniter\CodeIgniter->handleRequest()
#11 /home/itu/Documents/WEB/codeligner/modelCodeigniter/codeigniter4-framework-b3359be/system/Boot.php(417): CodeIgniter\CodeIgniter->run()
#12 /home/itu/Documents/WEB/codeligner/modelCodeigniter/codeigniter4-framework-b3359be/system/Boot.php(68): CodeIgniter\Boot::runCodeIgniter()
#13 /home/itu/Documents/WEB/codeligner/modelCodeigniter/codeigniter4-framework-b3359be/public/index.php(59): CodeIgniter\Boot::bootWeb()
#14 {main}

Next CodeIgniter\Database\Exceptions\DatabaseException: No such file or directory in /home/itu/Documents/WEB/codeligner/modelCodeigniter/codeigniter4-framework-b3359be/system/Database/MySQLi/Connection.php:231
Stack trace:
#0 /home/itu/Documents/WEB/codeligner/modelCodeigniter/codeigniter4-framework-b3359be/system/Database/BaseConnection.php(555): CodeIgniter\Database\MySQLi\Connection->connect()
#1 /home/itu/Documents/WEB/codeligner/modelCodeigniter/codeigniter4-framework-b3359be/system/Database/BaseConnection.php(795): CodeIgniter\Database\BaseConnection->initialize()
#2 /home/itu/Documents/WEB/codeligner/modelCodeigniter/codeigniter4-framework-b3359be/system/Database/BaseBuilder.php(1733): CodeIgniter\Database\BaseConnection->query()
#3 /home/itu/Documents/WEB/codeligner/modelCodeigniter/codeigniter4-framework-b3359be/system/Model.php(523): CodeIgniter\Database\BaseBuilder->countAllResults()
#4 /home/itu/Documents/WEB/codeligner/modelCodeigniter/codeigniter4-framework-b3359be/system/BaseModel.php(1333): CodeIgniter\Model->countAllResults()
#5 /home/itu/Documents/WEB/codeligner/modelCodeigniter/codeigniter4-framework-b3359be/app/Models/LivreModel.php(90): CodeIgniter\BaseModel->paginate()
#6 /home/itu/Documents/WEB/codeligner/modelCodeigniter/codeigniter4-framework-b3359be/app/Controllers/Livres.php(32): App\Models\LivreModel->getPaginatedLivres()
#7 /home/itu/Documents/WEB/codeligner/modelCodeigniter/codeigniter4-framework-b3359be/system/CodeIgniter.php(951): App\Controllers\Livres->index()
#8 /home/itu/Documents/WEB/codeligner/modelCodeigniter/codeigniter4-framework-b3359be/system/CodeIgniter.php(497): CodeIgniter\CodeIgniter->runController()
#9 /home/itu/Documents/WEB/codeligner/modelCodeigniter/codeigniter4-framework-b3359be/system/CodeIgniter.php(340): CodeIgniter\CodeIgniter->handleRequest()
#10 /home/itu/Documents/WEB/codeligner/modelCodeigniter/codeigniter4-framework-b3359be/system/Boot.php(417): CodeIgniter\CodeIgniter->run()
#11 /home/itu/Documents/WEB/codeligner/modelCodeigniter/codeigniter4-framework-b3359be/system/Boot.php(68): CodeIgniter\Boot::runCodeIgniter()
#12 /home/itu/Documents/WEB/codeligner/modelCodeigniter/codeigniter4-framework-b3359be/public/index.php(59): CodeIgniter\Boot::bootWeb()
#13 {main}
CRITICAL - 2026-04-20 12:52:21 --> CodeIgniter\Database\Exceptions\DatabaseException: Unable to connect to the database.
Main connection [MySQLi]: No such file or directory
[Method: GET, Route: /]
in SYSTEMPATH/Database/BaseConnection.php on line 606.
 1 SYSTEMPATH/Database/BaseConnection.php(795): CodeIgniter\Database\BaseConnection->initialize()
 2 SYSTEMPATH/Database/BaseBuilder.php(1733): CodeIgniter\Database\BaseConnection->query()
 3 SYSTEMPATH/Model.php(523): CodeIgniter\Database\BaseBuilder->countAllResults()
 4 SYSTEMPATH/BaseModel.php(1333): CodeIgniter\Model->countAllResults()
 5 APPPATH/Models/LivreModel.php(90): CodeIgniter\BaseModel->paginate()
 6 APPPATH/Controllers/Livres.php(32): App\Models\LivreModel->getPaginatedLivres()
 7 SYSTEMPATH/CodeIgniter.php(951): App\Controllers\Livres->index()
 8 SYSTEMPATH/CodeIgniter.php(497): CodeIgniter\CodeIgniter->runController()
 9 SYSTEMPATH/CodeIgniter.php(340): CodeIgniter\CodeIgniter->handleRequest()
10 SYSTEMPATH/Boot.php(417): CodeIgniter\CodeIgniter->run()
11 SYSTEMPATH/Boot.php(68): CodeIgniter\Boot::runCodeIgniter()
12 FCPATH/index.php(59): CodeIgniter\Boot::bootWeb()
ERROR - 2026-04-20 12:55:09 --> Error connecting to the database: mysqli_sql_exception: No such file or directory in /home/itu/Documents/WEB/codeligner/modelCodeigniter/codeigniter4-framework-b3359be/system/Database/MySQLi/Connection.php:201
Stack trace:
#0 /home/itu/Documents/WEB/codeligner/modelCodeigniter/codeigniter4-framework-b3359be/system/Database/MySQLi/Connection.php(201): mysqli->real_connect()
#1 /home/itu/Documents/WEB/codeligner/modelCodeigniter/codeigniter4-framework-b3359be/system/Database/BaseConnection.php(555): CodeIgniter\Database\MySQLi\Connection->connect()
#2 /home/itu/Documents/WEB/codeligner/modelCodeigniter/codeigniter4-framework-b3359be/system/Database/BaseConnection.php(795): CodeIgniter\Database\BaseConnection->initialize()
#3 /home/itu/Documents/WEB/codeligner/modelCodeigniter/codeigniter4-framework-b3359be/system/Database/BaseBuilder.php(1733): CodeIgniter\Database\BaseConnection->query()
#4 /home/itu/Documents/WEB/codeligner/modelCodeigniter/codeigniter4-framework-b3359be/system/Model.php(523): CodeIgniter\Database\BaseBuilder->countAllResults()
#5 /home/itu/Documents/WEB/codeligner/modelCodeigniter/codeigniter4-framework-b3359be/system/BaseModel.php(1333): CodeIgniter\Model->countAllResults()
#6 /home/itu/Documents/WEB/codeligner/modelCodeigniter/codeigniter4-framework-b3359be/app/Models/LivreModel.php(90): CodeIgniter\BaseModel->paginate()
#7 /home/itu/Documents/WEB/codeligner/modelCodeigniter/codeigniter4-framework-b3359be/app/Controllers/Livres.php(32): App\Models\LivreModel->getPaginatedLivres()
#8 /home/itu/Documents/WEB/codeligner/modelCodeigniter/codeigniter4-framework-b3359be/system/CodeIgniter.php(951): App\Controllers\Livres->index()
#9 /home/itu/Documents/WEB/codeligner/modelCodeigniter/codeigniter4-framework-b3359be/system/CodeIgniter.php(497): CodeIgniter\CodeIgniter->runController()
#10 /home/itu/Documents/WEB/codeligner/modelCodeigniter/codeigniter4-framework-b3359be/system/CodeIgniter.php(340): CodeIgniter\CodeIgniter->handleRequest()
#11 /home/itu/Documents/WEB/codeligner/modelCodeigniter/codeigniter4-framework-b3359be/system/Boot.php(417): CodeIgniter\CodeIgniter->run()
#12 /home/itu/Documents/WEB/codeligner/modelCodeigniter/codeigniter4-framework-b3359be/system/Boot.php(68): CodeIgniter\Boot::runCodeIgniter()
#13 /home/itu/Documents/WEB/codeligner/modelCodeigniter/codeigniter4-framework-b3359be/public/index.php(59): CodeIgniter\Boot::bootWeb()
#14 {main}

Next CodeIgniter\Database\Exceptions\DatabaseException: No such file or directory in /home/itu/Documents/WEB/codeligner/modelCodeigniter/codeigniter4-framework-b3359be/system/Database/MySQLi/Connection.php:231
Stack trace:
#0 /home/itu/Documents/WEB/codeligner/modelCodeigniter/codeigniter4-framework-b3359be/system/Database/BaseConnection.php(555): CodeIgniter\Database\MySQLi\Connection->connect()
#1 /home/itu/Documents/WEB/codeligner/modelCodeigniter/codeigniter4-framework-b3359be/system/Database/BaseConnection.php(795): CodeIgniter\Database\BaseConnection->initialize()
#2 /home/itu/Documents/WEB/codeligner/modelCodeigniter/codeigniter4-framework-b3359be/system/Database/BaseBuilder.php(1733): CodeIgniter\Database\BaseConnection->query()
#3 /home/itu/Documents/WEB/codeligner/modelCodeigniter/codeigniter4-framework-b3359be/system/Model.php(523): CodeIgniter\Database\BaseBuilder->countAllResults()
#4 /home/itu/Documents/WEB/codeligner/modelCodeigniter/codeigniter4-framework-b3359be/system/BaseModel.php(1333): CodeIgniter\Model->countAllResults()
#5 /home/itu/Documents/WEB/codeligner/modelCodeigniter/codeigniter4-framework-b3359be/app/Models/LivreModel.php(90): CodeIgniter\BaseModel->paginate()
#6 /home/itu/Documents/WEB/codeligner/modelCodeigniter/codeigniter4-framework-b3359be/app/Controllers/Livres.php(32): App\Models\LivreModel->getPaginatedLivres()
#7 /home/itu/Documents/WEB/codeligner/modelCodeigniter/codeigniter4-framework-b3359be/system/CodeIgniter.php(951): App\Controllers\Livres->index()
#8 /home/itu/Documents/WEB/codeligner/modelCodeigniter/codeigniter4-framework-b3359be/system/CodeIgniter.php(497): CodeIgniter\CodeIgniter->runController()
#9 /home/itu/Documents/WEB/codeligner/modelCodeigniter/codeigniter4-framework-b3359be/system/CodeIgniter.php(340): CodeIgniter\CodeIgniter->handleRequest()
#10 /home/itu/Documents/WEB/codeligner/modelCodeigniter/codeigniter4-framework-b3359be/system/Boot.php(417): CodeIgniter\CodeIgniter->run()
#11 /home/itu/Documents/WEB/codeligner/modelCodeigniter/codeigniter4-framework-b3359be/system/Boot.php(68): CodeIgniter\Boot::runCodeIgniter()
#12 /home/itu/Documents/WEB/codeligner/modelCodeigniter/codeigniter4-framework-b3359be/public/index.php(59): CodeIgniter\Boot::bootWeb()
#13 {main}
CRITICAL - 2026-04-20 12:55:09 --> CodeIgniter\Database\Exceptions\DatabaseException: Unable to connect to the database.
Main connection [MySQLi]: No such file or directory
[Method: GET, Route: /]
in SYSTEMPATH/Database/BaseConnection.php on line 606.
 1 SYSTEMPATH/Database/BaseConnection.php(795): CodeIgniter\Database\BaseConnection->initialize()
 2 SYSTEMPATH/Database/BaseBuilder.php(1733): CodeIgniter\Database\BaseConnection->query()
 3 SYSTEMPATH/Model.php(523): CodeIgniter\Database\BaseBuilder->countAllResults()
 4 SYSTEMPATH/BaseModel.php(1333): CodeIgniter\Model->countAllResults()
 5 APPPATH/Models/LivreModel.php(90): CodeIgniter\BaseModel->paginate()
 6 APPPATH/Controllers/Livres.php(32): App\Models\LivreModel->getPaginatedLivres()
 7 SYSTEMPATH/CodeIgniter.php(951): App\Controllers\Livres->index()
 8 SYSTEMPATH/CodeIgniter.php(497): CodeIgniter\CodeIgniter->runController()
 9 SYSTEMPATH/CodeIgniter.php(340): CodeIgniter\CodeIgniter->handleRequest()
10 SYSTEMPATH/Boot.php(417): CodeIgniter\CodeIgniter->run()
11 SYSTEMPATH/Boot.php(68): CodeIgniter\Boot::runCodeIgniter()
12 FCPATH/index.php(59): CodeIgniter\Boot::bootWeb()
ERROR - 2026-04-20 12:55:09 --> Error connecting to the database: mysqli_sql_exception: No such file or directory in /home/itu/Documents/WEB/codeligner/modelCodeigniter/codeigniter4-framework-b3359be/system/Database/MySQLi/Connection.php:201
Stack trace:
#0 /home/itu/Documents/WEB/codeligner/modelCodeigniter/codeigniter4-framework-b3359be/system/Database/MySQLi/Connection.php(201): mysqli->real_connect()
#1 /home/itu/Documents/WEB/codeligner/modelCodeigniter/codeigniter4-framework-b3359be/system/Database/BaseConnection.php(555): CodeIgniter\Database\MySQLi\Connection->connect()
#2 /home/itu/Documents/WEB/codeligner/modelCodeigniter/codeigniter4-framework-b3359be/system/Database/BaseConnection.php(795): CodeIgniter\Database\BaseConnection->initialize()
#3 /home/itu/Documents/WEB/codeligner/modelCodeigniter/codeigniter4-framework-b3359be/system/Database/BaseBuilder.php(1733): CodeIgniter\Database\BaseConnection->query()
#4 /home/itu/Documents/WEB/codeligner/modelCodeigniter/codeigniter4-framework-b3359be/system/Model.php(523): CodeIgniter\Database\BaseBuilder->countAllResults()
#5 /home/itu/Documents/WEB/codeligner/modelCodeigniter/codeigniter4-framework-b3359be/system/BaseModel.php(1333): CodeIgniter\Model->countAllResults()
#6 /home/itu/Documents/WEB/codeligner/modelCodeigniter/codeigniter4-framework-b3359be/app/Models/LivreModel.php(90): CodeIgniter\BaseModel->paginate()
#7 /home/itu/Documents/WEB/codeligner/modelCodeigniter/codeigniter4-framework-b3359be/app/Controllers/Livres.php(32): App\Models\LivreModel->getPaginatedLivres()
#8 /home/itu/Documents/WEB/codeligner/modelCodeigniter/codeigniter4-framework-b3359be/system/CodeIgniter.php(951): App\Controllers\Livres->index()
#9 /home/itu/Documents/WEB/codeligner/modelCodeigniter/codeigniter4-framework-b3359be/system/CodeIgniter.php(497): CodeIgniter\CodeIgniter->runController()
#10 /home/itu/Documents/WEB/codeligner/modelCodeigniter/codeigniter4-framework-b3359be/system/CodeIgniter.php(340): CodeIgniter\CodeIgniter->handleRequest()
#11 /home/itu/Documents/WEB/codeligner/modelCodeigniter/codeigniter4-framework-b3359be/system/Boot.php(417): CodeIgniter\CodeIgniter->run()
#12 /home/itu/Documents/WEB/codeligner/modelCodeigniter/codeigniter4-framework-b3359be/system/Boot.php(68): CodeIgniter\Boot::runCodeIgniter()
#13 /home/itu/Documents/WEB/codeligner/modelCodeigniter/codeigniter4-framework-b3359be/public/index.php(59): CodeIgniter\Boot::bootWeb()
#14 {main}

Next CodeIgniter\Database\Exceptions\DatabaseException: No such file or directory in /home/itu/Documents/WEB/codeligner/modelCodeigniter/codeigniter4-framework-b3359be/system/Database/MySQLi/Connection.php:231
Stack trace:
#0 /home/itu/Documents/WEB/codeligner/modelCodeigniter/codeigniter4-framework-b3359be/system/Database/BaseConnection.php(555): CodeIgniter\Database\MySQLi\Connection->connect()
#1 /home/itu/Documents/WEB/codeligner/modelCodeigniter/codeigniter4-framework-b3359be/system/Database/BaseConnection.php(795): CodeIgniter\Database\BaseConnection->initialize()
#2 /home/itu/Documents/WEB/codeligner/modelCodeigniter/codeigniter4-framework-b3359be/system/Database/BaseBuilder.php(1733): CodeIgniter\Database\BaseConnection->query()
#3 /home/itu/Documents/WEB/codeligner/modelCodeigniter/codeigniter4-framework-b3359be/system/Model.php(523): CodeIgniter\Database\BaseBuilder->countAllResults()
#4 /home/itu/Documents/WEB/codeligner/modelCodeigniter/codeigniter4-framework-b3359be/system/BaseModel.php(1333): CodeIgniter\Model->countAllResults()
#5 /home/itu/Documents/WEB/codeligner/modelCodeigniter/codeigniter4-framework-b3359be/app/Models/LivreModel.php(90): CodeIgniter\BaseModel->paginate()
#6 /home/itu/Documents/WEB/codeligner/modelCodeigniter/codeigniter4-framework-b3359be/app/Controllers/Livres.php(32): App\Models\LivreModel->getPaginatedLivres()
#7 /home/itu/Documents/WEB/codeligner/modelCodeigniter/codeigniter4-framework-b3359be/system/CodeIgniter.php(951): App\Controllers\Livres->index()
#8 /home/itu/Documents/WEB/codeligner/modelCodeigniter/codeigniter4-framework-b3359be/system/CodeIgniter.php(497): CodeIgniter\CodeIgniter->runController()
#9 /home/itu/Documents/WEB/codeligner/modelCodeigniter/codeigniter4-framework-b3359be/system/CodeIgniter.php(340): CodeIgniter\CodeIgniter->handleRequest()
#10 /home/itu/Documents/WEB/codeligner/modelCodeigniter/codeigniter4-framework-b3359be/system/Boot.php(417): CodeIgniter\CodeIgniter->run()
#11 /home/itu/Documents/WEB/codeligner/modelCodeigniter/codeigniter4-framework-b3359be/system/Boot.php(68): CodeIgniter\Boot::runCodeIgniter()
#12 /home/itu/Documents/WEB/codeligner/modelCodeigniter/codeigniter4-framework-b3359be/public/index.php(59): CodeIgniter\Boot::bootWeb()
#13 {main}
CRITICAL - 2026-04-20 12:55:09 --> CodeIgniter\Database\Exceptions\DatabaseException: Unable to connect to the database.
Main connection [MySQLi]: No such file or directory
[Method: GET, Route: /]
in SYSTEMPATH/Database/BaseConnection.php on line 606.
 1 SYSTEMPATH/Database/BaseConnection.php(795): CodeIgniter\Database\BaseConnection->initialize()
 2 SYSTEMPATH/Database/BaseBuilder.php(1733): CodeIgniter\Database\BaseConnection->query()
 3 SYSTEMPATH/Model.php(523): CodeIgniter\Database\BaseBuilder->countAllResults()
 4 SYSTEMPATH/BaseModel.php(1333): CodeIgniter\Model->countAllResults()
 5 APPPATH/Models/LivreModel.php(90): CodeIgniter\BaseModel->paginate()
 6 APPPATH/Controllers/Livres.php(32): App\Models\LivreModel->getPaginatedLivres()
 7 SYSTEMPATH/CodeIgniter.php(951): App\Controllers\Livres->index()
 8 SYSTEMPATH/CodeIgniter.php(497): CodeIgniter\CodeIgniter->runController()
 9 SYSTEMPATH/CodeIgniter.php(340): CodeIgniter\CodeIgniter->handleRequest()
10 SYSTEMPATH/Boot.php(417): CodeIgniter\CodeIgniter->run()
11 SYSTEMPATH/Boot.php(68): CodeIgniter\Boot::runCodeIgniter()
12 FCPATH/index.php(59): CodeIgniter\Boot::bootWeb()
ERROR - 2026-04-20 12:55:10 --> Error connecting to the database: mysqli_sql_exception: No such file or directory in /home/itu/Documents/WEB/codeligner/modelCodeigniter/codeigniter4-framework-b3359be/system/Database/MySQLi/Connection.php:201
Stack trace:
#0 /home/itu/Documents/WEB/codeligner/modelCodeigniter/codeigniter4-framework-b3359be/system/Database/MySQLi/Connection.php(201): mysqli->real_connect()
#1 /home/itu/Documents/WEB/codeligner/modelCodeigniter/codeigniter4-framework-b3359be/system/Database/BaseConnection.php(555): CodeIgniter\Database\MySQLi\Connection->connect()
#2 /home/itu/Documents/WEB/codeligner/modelCodeigniter/codeigniter4-framework-b3359be/system/Database/BaseConnection.php(795): CodeIgniter\Database\BaseConnection->initialize()
#3 /home/itu/Documents/WEB/codeligner/modelCodeigniter/codeigniter4-framework-b3359be/system/Database/BaseBuilder.php(1733): CodeIgniter\Database\BaseConnection->query()
#4 /home/itu/Documents/WEB/codeligner/modelCodeigniter/codeigniter4-framework-b3359be/system/Model.php(523): CodeIgniter\Database\BaseBuilder->countAllResults()
#5 /home/itu/Documents/WEB/codeligner/modelCodeigniter/codeigniter4-framework-b3359be/system/BaseModel.php(1333): CodeIgniter\Model->countAllResults()
#6 /home/itu/Documents/WEB/codeligner/modelCodeigniter/codeigniter4-framework-b3359be/app/Models/LivreModel.php(90): CodeIgniter\BaseModel->paginate()
#7 /home/itu/Documents/WEB/codeligner/modelCodeigniter/codeigniter4-framework-b3359be/app/Controllers/Livres.php(32): App\Models\LivreModel->getPaginatedLivres()
#8 /home/itu/Documents/WEB/codeligner/modelCodeigniter/codeigniter4-framework-b3359be/system/CodeIgniter.php(951): App\Controllers\Livres->index()
#9 /home/itu/Documents/WEB/codeligner/modelCodeigniter/codeigniter4-framework-b3359be/system/CodeIgniter.php(497): CodeIgniter\CodeIgniter->runController()
#10 /home/itu/Documents/WEB/codeligner/modelCodeigniter/codeigniter4-framework-b3359be/system/CodeIgniter.php(340): CodeIgniter\CodeIgniter->handleRequest()
#11 /home/itu/Documents/WEB/codeligner/modelCodeigniter/codeigniter4-framework-b3359be/system/Boot.php(417): CodeIgniter\CodeIgniter->run()
#12 /home/itu/Documents/WEB/codeligner/modelCodeigniter/codeigniter4-framework-b3359be/system/Boot.php(68): CodeIgniter\Boot::runCodeIgniter()
#13 /home/itu/Documents/WEB/codeligner/modelCodeigniter/codeigniter4-framework-b3359be/public/index.php(59): CodeIgniter\Boot::bootWeb()
#14 {main}

Next CodeIgniter\Database\Exceptions\DatabaseException: No such file or directory in /home/itu/Documents/WEB/codeligner/modelCodeigniter/codeigniter4-framework-b3359be/system/Database/MySQLi/Connection.php:231
Stack trace:
#0 /home/itu/Documents/WEB/codeligner/modelCodeigniter/codeigniter4-framework-b3359be/system/Database/BaseConnection.php(555): CodeIgniter\Database\MySQLi\Connection->connect()
#1 /home/itu/Documents/WEB/codeligner/modelCodeigniter/codeigniter4-framework-b3359be/system/Database/BaseConnection.php(795): CodeIgniter\Database\BaseConnection->initialize()
#2 /home/itu/Documents/WEB/codeligner/modelCodeigniter/codeigniter4-framework-b3359be/system/Database/BaseBuilder.php(1733): CodeIgniter\Database\BaseConnection->query()
#3 /home/itu/Documents/WEB/codeligner/modelCodeigniter/codeigniter4-framework-b3359be/system/Model.php(523): CodeIgniter\Database\BaseBuilder->countAllResults()
#4 /home/itu/Documents/WEB/codeligner/modelCodeigniter/codeigniter4-framework-b3359be/system/BaseModel.php(1333): CodeIgniter\Model->countAllResults()
#5 /home/itu/Documents/WEB/codeligner/modelCodeigniter/codeigniter4-framework-b3359be/app/Models/LivreModel.php(90): CodeIgniter\BaseModel->paginate()
#6 /home/itu/Documents/WEB/codeligner/modelCodeigniter/codeigniter4-framework-b3359be/app/Controllers/Livres.php(32): App\Models\LivreModel->getPaginatedLivres()
#7 /home/itu/Documents/WEB/codeligner/modelCodeigniter/codeigniter4-framework-b3359be/system/CodeIgniter.php(951): App\Controllers\Livres->index()
#8 /home/itu/Documents/WEB/codeligner/modelCodeigniter/codeigniter4-framework-b3359be/system/CodeIgniter.php(497): CodeIgniter\CodeIgniter->runController()
#9 /home/itu/Documents/WEB/codeligner/modelCodeigniter/codeigniter4-framework-b3359be/system/CodeIgniter.php(340): CodeIgniter\CodeIgniter->handleRequest()
#10 /home/itu/Documents/WEB/codeligner/modelCodeigniter/codeigniter4-framework-b3359be/system/Boot.php(417): CodeIgniter\CodeIgniter->run()
#11 /home/itu/Documents/WEB/codeligner/modelCodeigniter/codeigniter4-framework-b3359be/system/Boot.php(68): CodeIgniter\Boot::runCodeIgniter()
#12 /home/itu/Documents/WEB/codeligner/modelCodeigniter/codeigniter4-framework-b3359be/public/index.php(59): CodeIgniter\Boot::bootWeb()
#13 {main}
CRITICAL - 2026-04-20 12:55:10 --> CodeIgniter\Database\Exceptions\DatabaseException: Unable to connect to the database.
Main connection [MySQLi]: No such file or directory
[Method: GET, Route: /]
in SYSTEMPATH/Database/BaseConnection.php on line 606.
 1 SYSTEMPATH/Database/BaseConnection.php(795): CodeIgniter\Database\BaseConnection->initialize()
 2 SYSTEMPATH/Database/BaseBuilder.php(1733): CodeIgniter\Database\BaseConnection->query()
 3 SYSTEMPATH/Model.php(523): CodeIgniter\Database\BaseBuilder->countAllResults()
 4 SYSTEMPATH/BaseModel.php(1333): CodeIgniter\Model->countAllResults()
 5 APPPATH/Models/LivreModel.php(90): CodeIgniter\BaseModel->paginate()
 6 APPPATH/Controllers/Livres.php(32): App\Models\LivreModel->getPaginatedLivres()
 7 SYSTEMPATH/CodeIgniter.php(951): App\Controllers\Livres->index()
 8 SYSTEMPATH/CodeIgniter.php(497): CodeIgniter\CodeIgniter->runController()
 9 SYSTEMPATH/CodeIgniter.php(340): CodeIgniter\CodeIgniter->handleRequest()
10 SYSTEMPATH/Boot.php(417): CodeIgniter\CodeIgniter->run()
11 SYSTEMPATH/Boot.php(68): CodeIgniter\Boot::runCodeIgniter()
12 FCPATH/index.php(59): CodeIgniter\Boot::bootWeb()
ERROR - 2026-04-20 12:55:10 --> Error connecting to the database: mysqli_sql_exception: No such file or directory in /home/itu/Documents/WEB/codeligner/modelCodeigniter/codeigniter4-framework-b3359be/system/Database/MySQLi/Connection.php:201
Stack trace:
#0 /home/itu/Documents/WEB/codeligner/modelCodeigniter/codeigniter4-framework-b3359be/system/Database/MySQLi/Connection.php(201): mysqli->real_connect()
#1 /home/itu/Documents/WEB/codeligner/modelCodeigniter/codeigniter4-framework-b3359be/system/Database/BaseConnection.php(555): CodeIgniter\Database\MySQLi\Connection->connect()
#2 /home/itu/Documents/WEB/codeligner/modelCodeigniter/codeigniter4-framework-b3359be/system/Database/BaseConnection.php(795): CodeIgniter\Database\BaseConnection->initialize()
#3 /home/itu/Documents/WEB/codeligner/modelCodeigniter/codeigniter4-framework-b3359be/system/Database/BaseBuilder.php(1733): CodeIgniter\Database\BaseConnection->query()
#4 /home/itu/Documents/WEB/codeligner/modelCodeigniter/codeigniter4-framework-b3359be/system/Model.php(523): CodeIgniter\Database\BaseBuilder->countAllResults()
#5 /home/itu/Documents/WEB/codeligner/modelCodeigniter/codeigniter4-framework-b3359be/system/BaseModel.php(1333): CodeIgniter\Model->countAllResults()
#6 /home/itu/Documents/WEB/codeligner/modelCodeigniter/codeigniter4-framework-b3359be/app/Models/LivreModel.php(90): CodeIgniter\BaseModel->paginate()
#7 /home/itu/Documents/WEB/codeligner/modelCodeigniter/codeigniter4-framework-b3359be/app/Controllers/Livres.php(32): App\Models\LivreModel->getPaginatedLivres()
#8 /home/itu/Documents/WEB/codeligner/modelCodeigniter/codeigniter4-framework-b3359be/system/CodeIgniter.php(951): App\Controllers\Livres->index()
#9 /home/itu/Documents/WEB/codeligner/modelCodeigniter/codeigniter4-framework-b3359be/system/CodeIgniter.php(497): CodeIgniter\CodeIgniter->runController()
#10 /home/itu/Documents/WEB/codeligner/modelCodeigniter/codeigniter4-framework-b3359be/system/CodeIgniter.php(340): CodeIgniter\CodeIgniter->handleRequest()
#11 /home/itu/Documents/WEB/codeligner/modelCodeigniter/codeigniter4-framework-b3359be/system/Boot.php(417): CodeIgniter\CodeIgniter->run()
#12 /home/itu/Documents/WEB/codeligner/modelCodeigniter/codeigniter4-framework-b3359be/system/Boot.php(68): CodeIgniter\Boot::runCodeIgniter()
#13 /home/itu/Documents/WEB/codeligner/modelCodeigniter/codeigniter4-framework-b3359be/public/index.php(59): CodeIgniter\Boot::bootWeb()
#14 {main}

Next CodeIgniter\Database\Exceptions\DatabaseException: No such file or directory in /home/itu/Documents/WEB/codeligner/modelCodeigniter/codeigniter4-framework-b3359be/system/Database/MySQLi/Connection.php:231
Stack trace:
#0 /home/itu/Documents/WEB/codeligner/modelCodeigniter/codeigniter4-framework-b3359be/system/Database/BaseConnection.php(555): CodeIgniter\Database\MySQLi\Connection->connect()
#1 /home/itu/Documents/WEB/codeligner/modelCodeigniter/codeigniter4-framework-b3359be/system/Database/BaseConnection.php(795): CodeIgniter\Database\BaseConnection->initialize()
#2 /home/itu/Documents/WEB/codeligner/modelCodeigniter/codeigniter4-framework-b3359be/system/Database/BaseBuilder.php(1733): CodeIgniter\Database\BaseConnection->query()
#3 /home/itu/Documents/WEB/codeligner/modelCodeigniter/codeigniter4-framework-b3359be/system/Model.php(523): CodeIgniter\Database\BaseBuilder->countAllResults()
#4 /home/itu/Documents/WEB/codeligner/modelCodeigniter/codeigniter4-framework-b3359be/system/BaseModel.php(1333): CodeIgniter\Model->countAllResults()
#5 /home/itu/Documents/WEB/codeligner/modelCodeigniter/codeigniter4-framework-b3359be/app/Models/LivreModel.php(90): CodeIgniter\BaseModel->paginate()
#6 /home/itu/Documents/WEB/codeligner/modelCodeigniter/codeigniter4-framework-b3359be/app/Controllers/Livres.php(32): App\Models\LivreModel->getPaginatedLivres()
#7 /home/itu/Documents/WEB/codeligner/modelCodeigniter/codeigniter4-framework-b3359be/system/CodeIgniter.php(951): App\Controllers\Livres->index()
#8 /home/itu/Documents/WEB/codeligner/modelCodeigniter/codeigniter4-framework-b3359be/system/CodeIgniter.php(497): CodeIgniter\CodeIgniter->runController()
#9 /home/itu/Documents/WEB/codeligner/modelCodeigniter/codeigniter4-framework-b3359be/system/CodeIgniter.php(340): CodeIgniter\CodeIgniter->handleRequest()
#10 /home/itu/Documents/WEB/codeligner/modelCodeigniter/codeigniter4-framework-b3359be/system/Boot.php(417): CodeIgniter\CodeIgniter->run()
#11 /home/itu/Documents/WEB/codeligner/modelCodeigniter/codeigniter4-framework-b3359be/system/Boot.php(68): CodeIgniter\Boot::runCodeIgniter()
#12 /home/itu/Documents/WEB/codeligner/modelCodeigniter/codeigniter4-framework-b3359be/public/index.php(59): CodeIgniter\Boot::bootWeb()
#13 {main}
CRITICAL - 2026-04-20 12:55:10 --> CodeIgniter\Database\Exceptions\DatabaseException: Unable to connect to the database.
Main connection [MySQLi]: No such file or directory
[Method: GET, Route: /]
in SYSTEMPATH/Database/BaseConnection.php on line 606.
 1 SYSTEMPATH/Database/BaseConnection.php(795): CodeIgniter\Database\BaseConnection->initialize()
 2 SYSTEMPATH/Database/BaseBuilder.php(1733): CodeIgniter\Database\BaseConnection->query()
 3 SYSTEMPATH/Model.php(523): CodeIgniter\Database\BaseBuilder->countAllResults()
 4 SYSTEMPATH/BaseModel.php(1333): CodeIgniter\Model->countAllResults()
 5 APPPATH/Models/LivreModel.php(90): CodeIgniter\BaseModel->paginate()
 6 APPPATH/Controllers/Livres.php(32): App\Models\LivreModel->getPaginatedLivres()
 7 SYSTEMPATH/CodeIgniter.php(951): App\Controllers\Livres->index()
 8 SYSTEMPATH/CodeIgniter.php(497): CodeIgniter\CodeIgniter->runController()
 9 SYSTEMPATH/CodeIgniter.php(340): CodeIgniter\CodeIgniter->handleRequest()
10 SYSTEMPATH/Boot.php(417): CodeIgniter\CodeIgniter->run()
11 SYSTEMPATH/Boot.php(68): CodeIgniter\Boot::runCodeIgniter()
12 FCPATH/index.php(59): CodeIgniter\Boot::bootWeb()
ERROR - 2026-04-20 12:55:10 --> Error connecting to the database: mysqli_sql_exception: No such file or directory in /home/itu/Documents/WEB/codeligner/modelCodeigniter/codeigniter4-framework-b3359be/system/Database/MySQLi/Connection.php:201
Stack trace:
#0 /home/itu/Documents/WEB/codeligner/modelCodeigniter/codeigniter4-framework-b3359be/system/Database/MySQLi/Connection.php(201): mysqli->real_connect()
#1 /home/itu/Documents/WEB/codeligner/modelCodeigniter/codeigniter4-framework-b3359be/system/Database/BaseConnection.php(555): CodeIgniter\Database\MySQLi\Connection->connect()
#2 /home/itu/Documents/WEB/codeligner/modelCodeigniter/codeigniter4-framework-b3359be/system/Database/BaseConnection.php(795): CodeIgniter\Database\BaseConnection->initialize()
#3 /home/itu/Documents/WEB/codeligner/modelCodeigniter/codeigniter4-framework-b3359be/system/Database/BaseBuilder.php(1733): CodeIgniter\Database\BaseConnection->query()
#4 /home/itu/Documents/WEB/codeligner/modelCodeigniter/codeigniter4-framework-b3359be/system/Model.php(523): CodeIgniter\Database\BaseBuilder->countAllResults()
#5 /home/itu/Documents/WEB/codeligner/modelCodeigniter/codeigniter4-framework-b3359be/system/BaseModel.php(1333): CodeIgniter\Model->countAllResults()
#6 /home/itu/Documents/WEB/codeligner/modelCodeigniter/codeigniter4-framework-b3359be/app/Models/LivreModel.php(90): CodeIgniter\BaseModel->paginate()
#7 /home/itu/Documents/WEB/codeligner/modelCodeigniter/codeigniter4-framework-b3359be/app/Controllers/Livres.php(32): App\Models\LivreModel->getPaginatedLivres()
#8 /home/itu/Documents/WEB/codeligner/modelCodeigniter/codeigniter4-framework-b3359be/system/CodeIgniter.php(951): App\Controllers\Livres->index()
#9 /home/itu/Documents/WEB/codeligner/modelCodeigniter/codeigniter4-framework-b3359be/system/CodeIgniter.php(497): CodeIgniter\CodeIgniter->runController()
#10 /home/itu/Documents/WEB/codeligner/modelCodeigniter/codeigniter4-framework-b3359be/system/CodeIgniter.php(340): CodeIgniter\CodeIgniter->handleRequest()
#11 /home/itu/Documents/WEB/codeligner/modelCodeigniter/codeigniter4-framework-b3359be/system/Boot.php(417): CodeIgniter\CodeIgniter->run()
#12 /home/itu/Documents/WEB/codeligner/modelCodeigniter/codeigniter4-framework-b3359be/system/Boot.php(68): CodeIgniter\Boot::runCodeIgniter()
#13 /home/itu/Documents/WEB/codeligner/modelCodeigniter/codeigniter4-framework-b3359be/public/index.php(59): CodeIgniter\Boot::bootWeb()
#14 {main}

Next CodeIgniter\Database\Exceptions\DatabaseException: No such file or directory in /home/itu/Documents/WEB/codeligner/modelCodeigniter/codeigniter4-framework-b3359be/system/Database/MySQLi/Connection.php:231
Stack trace:
#0 /home/itu/Documents/WEB/codeligner/modelCodeigniter/codeigniter4-framework-b3359be/system/Database/BaseConnection.php(555): CodeIgniter\Database\MySQLi\Connection->connect()
#1 /home/itu/Documents/WEB/codeligner/modelCodeigniter/codeigniter4-framework-b3359be/system/Database/BaseConnection.php(795): CodeIgniter\Database\BaseConnection->initialize()
#2 /home/itu/Documents/WEB/codeligner/modelCodeigniter/codeigniter4-framework-b3359be/system/Database/BaseBuilder.php(1733): CodeIgniter\Database\BaseConnection->query()
#3 /home/itu/Documents/WEB/codeligner/modelCodeigniter/codeigniter4-framework-b3359be/system/Model.php(523): CodeIgniter\Database\BaseBuilder->countAllResults()
#4 /home/itu/Documents/WEB/codeligner/modelCodeigniter/codeigniter4-framework-b3359be/system/BaseModel.php(1333): CodeIgniter\Model->countAllResults()
#5 /home/itu/Documents/WEB/codeligner/modelCodeigniter/codeigniter4-framework-b3359be/app/Models/LivreModel.php(90): CodeIgniter\BaseModel->paginate()
#6 /home/itu/Documents/WEB/codeligner/modelCodeigniter/codeigniter4-framework-b3359be/app/Controllers/Livres.php(32): App\Models\LivreModel->getPaginatedLivres()
#7 /home/itu/Documents/WEB/codeligner/modelCodeigniter/codeigniter4-framework-b3359be/system/CodeIgniter.php(951): App\Controllers\Livres->index()
#8 /home/itu/Documents/WEB/codeligner/modelCodeigniter/codeigniter4-framework-b3359be/system/CodeIgniter.php(497): CodeIgniter\CodeIgniter->runController()
#9 /home/itu/Documents/WEB/codeligner/modelCodeigniter/codeigniter4-framework-b3359be/system/CodeIgniter.php(340): CodeIgniter\CodeIgniter->handleRequest()
#10 /home/itu/Documents/WEB/codeligner/modelCodeigniter/codeigniter4-framework-b3359be/system/Boot.php(417): CodeIgniter\CodeIgniter->run()
#11 /home/itu/Documents/WEB/codeligner/modelCodeigniter/codeigniter4-framework-b3359be/system/Boot.php(68): CodeIgniter\Boot::runCodeIgniter()
#12 /home/itu/Documents/WEB/codeligner/modelCodeigniter/codeigniter4-framework-b3359be/public/index.php(59): CodeIgniter\Boot::bootWeb()
#13 {main}
CRITICAL - 2026-04-20 12:55:10 --> CodeIgniter\Database\Exceptions\DatabaseException: Unable to connect to the database.
Main connection [MySQLi]: No such file or directory
[Method: GET, Route: /]
in SYSTEMPATH/Database/BaseConnection.php on line 606.
 1 SYSTEMPATH/Database/BaseConnection.php(795): CodeIgniter\Database\BaseConnection->initialize()
 2 SYSTEMPATH/Database/BaseBuilder.php(1733): CodeIgniter\Database\BaseConnection->query()
 3 SYSTEMPATH/Model.php(523): CodeIgniter\Database\BaseBuilder->countAllResults()
 4 SYSTEMPATH/BaseModel.php(1333): CodeIgniter\Model->countAllResults()
 5 APPPATH/Models/LivreModel.php(90): CodeIgniter\BaseModel->paginate()
 6 APPPATH/Controllers/Livres.php(32): App\Models\LivreModel->getPaginatedLivres()
 7 SYSTEMPATH/CodeIgniter.php(951): App\Controllers\Livres->index()
 8 SYSTEMPATH/CodeIgniter.php(497): CodeIgniter\CodeIgniter->runController()
 9 SYSTEMPATH/CodeIgniter.php(340): CodeIgniter\CodeIgniter->handleRequest()
10 SYSTEMPATH/Boot.php(417): CodeIgniter\CodeIgniter->run()
11 SYSTEMPATH/Boot.php(68): CodeIgniter\Boot::runCodeIgniter()
12 FCPATH/index.php(59): CodeIgniter\Boot::bootWeb()
ERROR - 2026-04-20 12:55:11 --> Error connecting to the database: mysqli_sql_exception: No such file or directory in /home/itu/Documents/WEB/codeligner/modelCodeigniter/codeigniter4-framework-b3359be/system/Database/MySQLi/Connection.php:201
Stack trace:
#0 /home/itu/Documents/WEB/codeligner/modelCodeigniter/codeigniter4-framework-b3359be/system/Database/MySQLi/Connection.php(201): mysqli->real_connect()
#1 /home/itu/Documents/WEB/codeligner/modelCodeigniter/codeigniter4-framework-b3359be/system/Database/BaseConnection.php(555): CodeIgniter\Database\MySQLi\Connection->connect()
#2 /home/itu/Documents/WEB/codeligner/modelCodeigniter/codeigniter4-framework-b3359be/system/Database/BaseConnection.php(795): CodeIgniter\Database\BaseConnection->initialize()
#3 /home/itu/Documents/WEB/codeligner/modelCodeigniter/codeigniter4-framework-b3359be/system/Database/BaseBuilder.php(1733): CodeIgniter\Database\BaseConnection->query()
#4 /home/itu/Documents/WEB/codeligner/modelCodeigniter/codeigniter4-framework-b3359be/system/Model.php(523): CodeIgniter\Database\BaseBuilder->countAllResults()
#5 /home/itu/Documents/WEB/codeligner/modelCodeigniter/codeigniter4-framework-b3359be/system/BaseModel.php(1333): CodeIgniter\Model->countAllResults()
#6 /home/itu/Documents/WEB/codeligner/modelCodeigniter/codeigniter4-framework-b3359be/app/Models/LivreModel.php(90): CodeIgniter\BaseModel->paginate()
#7 /home/itu/Documents/WEB/codeligner/modelCodeigniter/codeigniter4-framework-b3359be/app/Controllers/Livres.php(32): App\Models\LivreModel->getPaginatedLivres()
#8 /home/itu/Documents/WEB/codeligner/modelCodeigniter/codeigniter4-framework-b3359be/system/CodeIgniter.php(951): App\Controllers\Livres->index()
#9 /home/itu/Documents/WEB/codeligner/modelCodeigniter/codeigniter4-framework-b3359be/system/CodeIgniter.php(497): CodeIgniter\CodeIgniter->runController()
#10 /home/itu/Documents/WEB/codeligner/modelCodeigniter/codeigniter4-framework-b3359be/system/CodeIgniter.php(340): CodeIgniter\CodeIgniter->handleRequest()
#11 /home/itu/Documents/WEB/codeligner/modelCodeigniter/codeigniter4-framework-b3359be/system/Boot.php(417): CodeIgniter\CodeIgniter->run()
#12 /home/itu/Documents/WEB/codeligner/modelCodeigniter/codeigniter4-framework-b3359be/system/Boot.php(68): CodeIgniter\Boot::runCodeIgniter()
#13 /home/itu/Documents/WEB/codeligner/modelCodeigniter/codeigniter4-framework-b3359be/public/index.php(59): CodeIgniter\Boot::bootWeb()
#14 {main}

Next CodeIgniter\Database\Exceptions\DatabaseException: No such file or directory in /home/itu/Documents/WEB/codeligner/modelCodeigniter/codeigniter4-framework-b3359be/system/Database/MySQLi/Connection.php:231
Stack trace:
#0 /home/itu/Documents/WEB/codeligner/modelCodeigniter/codeigniter4-framework-b3359be/system/Database/BaseConnection.php(555): CodeIgniter\Database\MySQLi\Connection->connect()
#1 /home/itu/Documents/WEB/codeligner/modelCodeigniter/codeigniter4-framework-b3359be/system/Database/BaseConnection.php(795): CodeIgniter\Database\BaseConnection->initialize()
#2 /home/itu/Documents/WEB/codeligner/modelCodeigniter/codeigniter4-framework-b3359be/system/Database/BaseBuilder.php(1733): CodeIgniter\Database\BaseConnection->query()
#3 /home/itu/Documents/WEB/codeligner/modelCodeigniter/codeigniter4-framework-b3359be/system/Model.php(523): CodeIgniter\Database\BaseBuilder->countAllResults()
#4 /home/itu/Documents/WEB/codeligner/modelCodeigniter/codeigniter4-framework-b3359be/system/BaseModel.php(1333): CodeIgniter\Model->countAllResults()
#5 /home/itu/Documents/WEB/codeligner/modelCodeigniter/codeigniter4-framework-b3359be/app/Models/LivreModel.php(90): CodeIgniter\BaseModel->paginate()
#6 /home/itu/Documents/WEB/codeligner/modelCodeigniter/codeigniter4-framework-b3359be/app/Controllers/Livres.php(32): App\Models\LivreModel->getPaginatedLivres()
#7 /home/itu/Documents/WEB/codeligner/modelCodeigniter/codeigniter4-framework-b3359be/system/CodeIgniter.php(951): App\Controllers\Livres->index()
#8 /home/itu/Documents/WEB/codeligner/modelCodeigniter/codeigniter4-framework-b3359be/system/CodeIgniter.php(497): CodeIgniter\CodeIgniter->runController()
#9 /home/itu/Documents/WEB/codeligner/modelCodeigniter/codeigniter4-framework-b3359be/system/CodeIgniter.php(340): CodeIgniter\CodeIgniter->handleRequest()
#10 /home/itu/Documents/WEB/codeligner/modelCodeigniter/codeigniter4-framework-b3359be/system/Boot.php(417): CodeIgniter\CodeIgniter->run()
#11 /home/itu/Documents/WEB/codeligner/modelCodeigniter/codeigniter4-framework-b3359be/system/Boot.php(68): CodeIgniter\Boot::runCodeIgniter()
#12 /home/itu/Documents/WEB/codeligner/modelCodeigniter/codeigniter4-framework-b3359be/public/index.php(59): CodeIgniter\Boot::bootWeb()
#13 {main}
CRITICAL - 2026-04-20 12:55:11 --> CodeIgniter\Database\Exceptions\DatabaseException: Unable to connect to the database.
Main connection [MySQLi]: No such file or directory
[Method: GET, Route: /]
in SYSTEMPATH/Database/BaseConnection.php on line 606.
 1 SYSTEMPATH/Database/BaseConnection.php(795): CodeIgniter\Database\BaseConnection->initialize()
 2 SYSTEMPATH/Database/BaseBuilder.php(1733): CodeIgniter\Database\BaseConnection->query()
 3 SYSTEMPATH/Model.php(523): CodeIgniter\Database\BaseBuilder->countAllResults()
 4 SYSTEMPATH/BaseModel.php(1333): CodeIgniter\Model->countAllResults()
 5 APPPATH/Models/LivreModel.php(90): CodeIgniter\BaseModel->paginate()
 6 APPPATH/Controllers/Livres.php(32): App\Models\LivreModel->getPaginatedLivres()
 7 SYSTEMPATH/CodeIgniter.php(951): App\Controllers\Livres->index()
 8 SYSTEMPATH/CodeIgniter.php(497): CodeIgniter\CodeIgniter->runController()
 9 SYSTEMPATH/CodeIgniter.php(340): CodeIgniter\CodeIgniter->handleRequest()
10 SYSTEMPATH/Boot.php(417): CodeIgniter\CodeIgniter->run()
11 SYSTEMPATH/Boot.php(68): CodeIgniter\Boot::runCodeIgniter()
12 FCPATH/index.php(59): CodeIgniter\Boot::bootWeb()
ERROR - 2026-04-20 12:55:11 --> Error connecting to the database: mysqli_sql_exception: No such file or directory in /home/itu/Documents/WEB/codeligner/modelCodeigniter/codeigniter4-framework-b3359be/system/Database/MySQLi/Connection.php:201
Stack trace:
#0 /home/itu/Documents/WEB/codeligner/modelCodeigniter/codeigniter4-framework-b3359be/system/Database/MySQLi/Connection.php(201): mysqli->real_connect()
#1 /home/itu/Documents/WEB/codeligner/modelCodeigniter/codeigniter4-framework-b3359be/system/Database/BaseConnection.php(555): CodeIgniter\Database\MySQLi\Connection->connect()
#2 /home/itu/Documents/WEB/codeligner/modelCodeigniter/codeigniter4-framework-b3359be/system/Database/BaseConnection.php(795): CodeIgniter\Database\BaseConnection->initialize()
#3 /home/itu/Documents/WEB/codeligner/modelCodeigniter/codeigniter4-framework-b3359be/system/Database/BaseBuilder.php(1733): CodeIgniter\Database\BaseConnection->query()
#4 /home/itu/Documents/WEB/codeligner/modelCodeigniter/codeigniter4-framework-b3359be/system/Model.php(523): CodeIgniter\Database\BaseBuilder->countAllResults()
#5 /home/itu/Documents/WEB/codeligner/modelCodeigniter/codeigniter4-framework-b3359be/system/BaseModel.php(1333): CodeIgniter\Model->countAllResults()
#6 /home/itu/Documents/WEB/codeligner/modelCodeigniter/codeigniter4-framework-b3359be/app/Models/LivreModel.php(90): CodeIgniter\BaseModel->paginate()
#7 /home/itu/Documents/WEB/codeligner/modelCodeigniter/codeigniter4-framework-b3359be/app/Controllers/Livres.php(32): App\Models\LivreModel->getPaginatedLivres()
#8 /home/itu/Documents/WEB/codeligner/modelCodeigniter/codeigniter4-framework-b3359be/system/CodeIgniter.php(951): App\Controllers\Livres->index()
#9 /home/itu/Documents/WEB/codeligner/modelCodeigniter/codeigniter4-framework-b3359be/system/CodeIgniter.php(497): CodeIgniter\CodeIgniter->runController()
#10 /home/itu/Documents/WEB/codeligner/modelCodeigniter/codeigniter4-framework-b3359be/system/CodeIgniter.php(340): CodeIgniter\CodeIgniter->handleRequest()
#11 /home/itu/Documents/WEB/codeligner/modelCodeigniter/codeigniter4-framework-b3359be/system/Boot.php(417): CodeIgniter\CodeIgniter->run()
#12 /home/itu/Documents/WEB/codeligner/modelCodeigniter/codeigniter4-framework-b3359be/system/Boot.php(68): CodeIgniter\Boot::runCodeIgniter()
#13 /home/itu/Documents/WEB/codeligner/modelCodeigniter/codeigniter4-framework-b3359be/public/index.php(59): CodeIgniter\Boot::bootWeb()
#14 {main}

Next CodeIgniter\Database\Exceptions\DatabaseException: No such file or directory in /home/itu/Documents/WEB/codeligner/modelCodeigniter/codeigniter4-framework-b3359be/system/Database/MySQLi/Connection.php:231
Stack trace:
#0 /home/itu/Documents/WEB/codeligner/modelCodeigniter/codeigniter4-framework-b3359be/system/Database/BaseConnection.php(555): CodeIgniter\Database\MySQLi\Connection->connect()
#1 /home/itu/Documents/WEB/codeligner/modelCodeigniter/codeigniter4-framework-b3359be/system/Database/BaseConnection.php(795): CodeIgniter\Database\BaseConnection->initialize()
#2 /home/itu/Documents/WEB/codeligner/modelCodeigniter/codeigniter4-framework-b3359be/system/Database/BaseBuilder.php(1733): CodeIgniter\Database\BaseConnection->query()
#3 /home/itu/Documents/WEB/codeligner/modelCodeigniter/codeigniter4-framework-b3359be/system/Model.php(523): CodeIgniter\Database\BaseBuilder->countAllResults()
#4 /home/itu/Documents/WEB/codeligner/modelCodeigniter/codeigniter4-framework-b3359be/system/BaseModel.php(1333): CodeIgniter\Model->countAllResults()
#5 /home/itu/Documents/WEB/codeligner/modelCodeigniter/codeigniter4-framework-b3359be/app/Models/LivreModel.php(90): CodeIgniter\BaseModel->paginate()
#6 /home/itu/Documents/WEB/codeligner/modelCodeigniter/codeigniter4-framework-b3359be/app/Controllers/Livres.php(32): App\Models\LivreModel->getPaginatedLivres()
#7 /home/itu/Documents/WEB/codeligner/modelCodeigniter/codeigniter4-framework-b3359be/system/CodeIgniter.php(951): App\Controllers\Livres->index()
#8 /home/itu/Documents/WEB/codeligner/modelCodeigniter/codeigniter4-framework-b3359be/system/CodeIgniter.php(497): CodeIgniter\CodeIgniter->runController()
#9 /home/itu/Documents/WEB/codeligner/modelCodeigniter/codeigniter4-framework-b3359be/system/CodeIgniter.php(340): CodeIgniter\CodeIgniter->handleRequest()
#10 /home/itu/Documents/WEB/codeligner/modelCodeigniter/codeigniter4-framework-b3359be/system/Boot.php(417): CodeIgniter\CodeIgniter->run()
#11 /home/itu/Documents/WEB/codeligner/modelCodeigniter/codeigniter4-framework-b3359be/system/Boot.php(68): CodeIgniter\Boot::runCodeIgniter()
#12 /home/itu/Documents/WEB/codeligner/modelCodeigniter/codeigniter4-framework-b3359be/public/index.php(59): CodeIgniter\Boot::bootWeb()
#13 {main}
CRITICAL - 2026-04-20 12:55:11 --> CodeIgniter\Database\Exceptions\DatabaseException: Unable to connect to the database.
Main connection [MySQLi]: No such file or directory
[Method: GET, Route: /]
in SYSTEMPATH/Database/BaseConnection.php on line 606.
 1 SYSTEMPATH/Database/BaseConnection.php(795): CodeIgniter\Database\BaseConnection->initialize()
 2 SYSTEMPATH/Database/BaseBuilder.php(1733): CodeIgniter\Database\BaseConnection->query()
 3 SYSTEMPATH/Model.php(523): CodeIgniter\Database\BaseBuilder->countAllResults()
 4 SYSTEMPATH/BaseModel.php(1333): CodeIgniter\Model->countAllResults()
 5 APPPATH/Models/LivreModel.php(90): CodeIgniter\BaseModel->paginate()
 6 APPPATH/Controllers/Livres.php(32): App\Models\LivreModel->getPaginatedLivres()
 7 SYSTEMPATH/CodeIgniter.php(951): App\Controllers\Livres->index()
 8 SYSTEMPATH/CodeIgniter.php(497): CodeIgniter\CodeIgniter->runController()
 9 SYSTEMPATH/CodeIgniter.php(340): CodeIgniter\CodeIgniter->handleRequest()
10 SYSTEMPATH/Boot.php(417): CodeIgniter\CodeIgniter->run()
11 SYSTEMPATH/Boot.php(68): CodeIgniter\Boot::runCodeIgniter()
12 FCPATH/index.php(59): CodeIgniter\Boot::bootWeb()
ERROR - 2026-04-20 12:55:11 --> Error connecting to the database: mysqli_sql_exception: No such file or directory in /home/itu/Documents/WEB/codeligner/modelCodeigniter/codeigniter4-framework-b3359be/system/Database/MySQLi/Connection.php:201
Stack trace:
#0 /home/itu/Documents/WEB/codeligner/modelCodeigniter/codeigniter4-framework-b3359be/system/Database/MySQLi/Connection.php(201): mysqli->real_connect()
#1 /home/itu/Documents/WEB/codeligner/modelCodeigniter/codeigniter4-framework-b3359be/system/Database/BaseConnection.php(555): CodeIgniter\Database\MySQLi\Connection->connect()
#2 /home/itu/Documents/WEB/codeligner/modelCodeigniter/codeigniter4-framework-b3359be/system/Database/BaseConnection.php(795): CodeIgniter\Database\BaseConnection->initialize()
#3 /home/itu/Documents/WEB/codeligner/modelCodeigniter/codeigniter4-framework-b3359be/system/Database/BaseBuilder.php(1733): CodeIgniter\Database\BaseConnection->query()
#4 /home/itu/Documents/WEB/codeligner/modelCodeigniter/codeigniter4-framework-b3359be/system/Model.php(523): CodeIgniter\Database\BaseBuilder->countAllResults()
#5 /home/itu/Documents/WEB/codeligner/modelCodeigniter/codeigniter4-framework-b3359be/system/BaseModel.php(1333): CodeIgniter\Model->countAllResults()
#6 /home/itu/Documents/WEB/codeligner/modelCodeigniter/codeigniter4-framework-b3359be/app/Models/LivreModel.php(90): CodeIgniter\BaseModel->paginate()
#7 /home/itu/Documents/WEB/codeligner/modelCodeigniter/codeigniter4-framework-b3359be/app/Controllers/Livres.php(32): App\Models\LivreModel->getPaginatedLivres()
#8 /home/itu/Documents/WEB/codeligner/modelCodeigniter/codeigniter4-framework-b3359be/system/CodeIgniter.php(951): App\Controllers\Livres->index()
#9 /home/itu/Documents/WEB/codeligner/modelCodeigniter/codeigniter4-framework-b3359be/system/CodeIgniter.php(497): CodeIgniter\CodeIgniter->runController()
#10 /home/itu/Documents/WEB/codeligner/modelCodeigniter/codeigniter4-framework-b3359be/system/CodeIgniter.php(340): CodeIgniter\CodeIgniter->handleRequest()
#11 /home/itu/Documents/WEB/codeligner/modelCodeigniter/codeigniter4-framework-b3359be/system/Boot.php(417): CodeIgniter\CodeIgniter->run()
#12 /home/itu/Documents/WEB/codeligner/modelCodeigniter/codeigniter4-framework-b3359be/system/Boot.php(68): CodeIgniter\Boot::runCodeIgniter()
#13 /home/itu/Documents/WEB/codeligner/modelCodeigniter/codeigniter4-framework-b3359be/public/index.php(59): CodeIgniter\Boot::bootWeb()
#14 {main}

Next CodeIgniter\Database\Exceptions\DatabaseException: No such file or directory in /home/itu/Documents/WEB/codeligner/modelCodeigniter/codeigniter4-framework-b3359be/system/Database/MySQLi/Connection.php:231
Stack trace:
#0 /home/itu/Documents/WEB/codeligner/modelCodeigniter/codeigniter4-framework-b3359be/system/Database/BaseConnection.php(555): CodeIgniter\Database\MySQLi\Connection->connect()
#1 /home/itu/Documents/WEB/codeligner/modelCodeigniter/codeigniter4-framework-b3359be/system/Database/BaseConnection.php(795): CodeIgniter\Database\BaseConnection->initialize()
#2 /home/itu/Documents/WEB/codeligner/modelCodeigniter/codeigniter4-framework-b3359be/system/Database/BaseBuilder.php(1733): CodeIgniter\Database\BaseConnection->query()
#3 /home/itu/Documents/WEB/codeligner/modelCodeigniter/codeigniter4-framework-b3359be/system/Model.php(523): CodeIgniter\Database\BaseBuilder->countAllResults()
#4 /home/itu/Documents/WEB/codeligner/modelCodeigniter/codeigniter4-framework-b3359be/system/BaseModel.php(1333): CodeIgniter\Model->countAllResults()
#5 /home/itu/Documents/WEB/codeligner/modelCodeigniter/codeigniter4-framework-b3359be/app/Models/LivreModel.php(90): CodeIgniter\BaseModel->paginate()
#6 /home/itu/Documents/WEB/codeligner/modelCodeigniter/codeigniter4-framework-b3359be/app/Controllers/Livres.php(32): App\Models\LivreModel->getPaginatedLivres()
#7 /home/itu/Documents/WEB/codeligner/modelCodeigniter/codeigniter4-framework-b3359be/system/CodeIgniter.php(951): App\Controllers\Livres->index()
#8 /home/itu/Documents/WEB/codeligner/modelCodeigniter/codeigniter4-framework-b3359be/system/CodeIgniter.php(497): CodeIgniter\CodeIgniter->runController()
#9 /home/itu/Documents/WEB/codeligner/modelCodeigniter/codeigniter4-framework-b3359be/system/CodeIgniter.php(340): CodeIgniter\CodeIgniter->handleRequest()
#10 /home/itu/Documents/WEB/codeligner/modelCodeigniter/codeigniter4-framework-b3359be/system/Boot.php(417): CodeIgniter\CodeIgniter->run()
#11 /home/itu/Documents/WEB/codeligner/modelCodeigniter/codeigniter4-framework-b3359be/system/Boot.php(68): CodeIgniter\Boot::runCodeIgniter()
#12 /home/itu/Documents/WEB/codeligner/modelCodeigniter/codeigniter4-framework-b3359be/public/index.php(59): CodeIgniter\Boot::bootWeb()
#13 {main}
CRITICAL - 2026-04-20 12:55:11 --> CodeIgniter\Database\Exceptions\DatabaseException: Unable to connect to the database.
Main connection [MySQLi]: No such file or directory
[Method: GET, Route: /]
in SYSTEMPATH/Database/BaseConnection.php on line 606.
 1 SYSTEMPATH/Database/BaseConnection.php(795): CodeIgniter\Database\BaseConnection->initialize()
 2 SYSTEMPATH/Database/BaseBuilder.php(1733): CodeIgniter\Database\BaseConnection->query()
 3 SYSTEMPATH/Model.php(523): CodeIgniter\Database\BaseBuilder->countAllResults()
 4 SYSTEMPATH/BaseModel.php(1333): CodeIgniter\Model->countAllResults()
 5 APPPATH/Models/LivreModel.php(90): CodeIgniter\BaseModel->paginate()
 6 APPPATH/Controllers/Livres.php(32): App\Models\LivreModel->getPaginatedLivres()
 7 SYSTEMPATH/CodeIgniter.php(951): App\Controllers\Livres->index()
 8 SYSTEMPATH/CodeIgniter.php(497): CodeIgniter\CodeIgniter->runController()
 9 SYSTEMPATH/CodeIgniter.php(340): CodeIgniter\CodeIgniter->handleRequest()
10 SYSTEMPATH/Boot.php(417): CodeIgniter\CodeIgniter->run()
11 SYSTEMPATH/Boot.php(68): CodeIgniter\Boot::runCodeIgniter()
12 FCPATH/index.php(59): CodeIgniter\Boot::bootWeb()
ERROR - 2026-04-20 12:55:11 --> Error connecting to the database: mysqli_sql_exception: No such file or directory in /home/itu/Documents/WEB/codeligner/modelCodeigniter/codeigniter4-framework-b3359be/system/Database/MySQLi/Connection.php:201
Stack trace:
#0 /home/itu/Documents/WEB/codeligner/modelCodeigniter/codeigniter4-framework-b3359be/system/Database/MySQLi/Connection.php(201): mysqli->real_connect()
#1 /home/itu/Documents/WEB/codeligner/modelCodeigniter/codeigniter4-framework-b3359be/system/Database/BaseConnection.php(555): CodeIgniter\Database\MySQLi\Connection->connect()
#2 /home/itu/Documents/WEB/codeligner/modelCodeigniter/codeigniter4-framework-b3359be/system/Database/BaseConnection.php(795): CodeIgniter\Database\BaseConnection->initialize()
#3 /home/itu/Documents/WEB/codeligner/modelCodeigniter/codeigniter4-framework-b3359be/system/Database/BaseBuilder.php(1733): CodeIgniter\Database\BaseConnection->query()
#4 /home/itu/Documents/WEB/codeligner/modelCodeigniter/codeigniter4-framework-b3359be/system/Model.php(523): CodeIgniter\Database\BaseBuilder->countAllResults()
#5 /home/itu/Documents/WEB/codeligner/modelCodeigniter/codeigniter4-framework-b3359be/system/BaseModel.php(1333): CodeIgniter\Model->countAllResults()
#6 /home/itu/Documents/WEB/codeligner/modelCodeigniter/codeigniter4-framework-b3359be/app/Models/LivreModel.php(90): CodeIgniter\BaseModel->paginate()
#7 /home/itu/Documents/WEB/codeligner/modelCodeigniter/codeigniter4-framework-b3359be/app/Controllers/Livres.php(32): App\Models\LivreModel->getPaginatedLivres()
#8 /home/itu/Documents/WEB/codeligner/modelCodeigniter/codeigniter4-framework-b3359be/system/CodeIgniter.php(951): App\Controllers\Livres->index()
#9 /home/itu/Documents/WEB/codeligner/modelCodeigniter/codeigniter4-framework-b3359be/system/CodeIgniter.php(497): CodeIgniter\CodeIgniter->runController()
#10 /home/itu/Documents/WEB/codeligner/modelCodeigniter/codeigniter4-framework-b3359be/system/CodeIgniter.php(340): CodeIgniter\CodeIgniter->handleRequest()
#11 /home/itu/Documents/WEB/codeligner/modelCodeigniter/codeigniter4-framework-b3359be/system/Boot.php(417): CodeIgniter\CodeIgniter->run()
#12 /home/itu/Documents/WEB/codeligner/modelCodeigniter/codeigniter4-framework-b3359be/system/Boot.php(68): CodeIgniter\Boot::runCodeIgniter()
#13 /home/itu/Documents/WEB/codeligner/modelCodeigniter/codeigniter4-framework-b3359be/public/index.php(59): CodeIgniter\Boot::bootWeb()
#14 {main}

Next CodeIgniter\Database\Exceptions\DatabaseException: No such file or directory in /home/itu/Documents/WEB/codeligner/modelCodeigniter/codeigniter4-framework-b3359be/system/Database/MySQLi/Connection.php:231
Stack trace:
#0 /home/itu/Documents/WEB/codeligner/modelCodeigniter/codeigniter4-framework-b3359be/system/Database/BaseConnection.php(555): CodeIgniter\Database\MySQLi\Connection->connect()
#1 /home/itu/Documents/WEB/codeligner/modelCodeigniter/codeigniter4-framework-b3359be/system/Database/BaseConnection.php(795): CodeIgniter\Database\BaseConnection->initialize()
#2 /home/itu/Documents/WEB/codeligner/modelCodeigniter/codeigniter4-framework-b3359be/system/Database/BaseBuilder.php(1733): CodeIgniter\Database\BaseConnection->query()
#3 /home/itu/Documents/WEB/codeligner/modelCodeigniter/codeigniter4-framework-b3359be/system/Model.php(523): CodeIgniter\Database\BaseBuilder->countAllResults()
#4 /home/itu/Documents/WEB/codeligner/modelCodeigniter/codeigniter4-framework-b3359be/system/BaseModel.php(1333): CodeIgniter\Model->countAllResults()
#5 /home/itu/Documents/WEB/codeligner/modelCodeigniter/codeigniter4-framework-b3359be/app/Models/LivreModel.php(90): CodeIgniter\BaseModel->paginate()
#6 /home/itu/Documents/WEB/codeligner/modelCodeigniter/codeigniter4-framework-b3359be/app/Controllers/Livres.php(32): App\Models\LivreModel->getPaginatedLivres()
#7 /home/itu/Documents/WEB/codeligner/modelCodeigniter/codeigniter4-framework-b3359be/system/CodeIgniter.php(951): App\Controllers\Livres->index()
#8 /home/itu/Documents/WEB/codeligner/modelCodeigniter/codeigniter4-framework-b3359be/system/CodeIgniter.php(497): CodeIgniter\CodeIgniter->runController()
#9 /home/itu/Documents/WEB/codeligner/modelCodeigniter/codeigniter4-framework-b3359be/system/CodeIgniter.php(340): CodeIgniter\CodeIgniter->handleRequest()
#10 /home/itu/Documents/WEB/codeligner/modelCodeigniter/codeigniter4-framework-b3359be/system/Boot.php(417): CodeIgniter\CodeIgniter->run()
#11 /home/itu/Documents/WEB/codeligner/modelCodeigniter/codeigniter4-framework-b3359be/system/Boot.php(68): CodeIgniter\Boot::runCodeIgniter()
#12 /home/itu/Documents/WEB/codeligner/modelCodeigniter/codeigniter4-framework-b3359be/public/index.php(59): CodeIgniter\Boot::bootWeb()
#13 {main}
CRITICAL - 2026-04-20 12:55:11 --> CodeIgniter\Database\Exceptions\DatabaseException: Unable to connect to the database.
Main connection [MySQLi]: No such file or directory
[Method: GET, Route: /]
in SYSTEMPATH/Database/BaseConnection.php on line 606.
 1 SYSTEMPATH/Database/BaseConnection.php(795): CodeIgniter\Database\BaseConnection->initialize()
 2 SYSTEMPATH/Database/BaseBuilder.php(1733): CodeIgniter\Database\BaseConnection->query()
 3 SYSTEMPATH/Model.php(523): CodeIgniter\Database\BaseBuilder->countAllResults()
 4 SYSTEMPATH/BaseModel.php(1333): CodeIgniter\Model->countAllResults()
 5 APPPATH/Models/LivreModel.php(90): CodeIgniter\BaseModel->paginate()
 6 APPPATH/Controllers/Livres.php(32): App\Models\LivreModel->getPaginatedLivres()
 7 SYSTEMPATH/CodeIgniter.php(951): App\Controllers\Livres->index()
 8 SYSTEMPATH/CodeIgniter.php(497): CodeIgniter\CodeIgniter->runController()
 9 SYSTEMPATH/CodeIgniter.php(340): CodeIgniter\CodeIgniter->handleRequest()
10 SYSTEMPATH/Boot.php(417): CodeIgniter\CodeIgniter->run()
11 SYSTEMPATH/Boot.php(68): CodeIgniter\Boot::runCodeIgniter()
12 FCPATH/index.php(59): CodeIgniter\Boot::bootWeb()
ERROR - 2026-04-20 12:55:11 --> Error connecting to the database: mysqli_sql_exception: No such file or directory in /home/itu/Documents/WEB/codeligner/modelCodeigniter/codeigniter4-framework-b3359be/system/Database/MySQLi/Connection.php:201
Stack trace:
#0 /home/itu/Documents/WEB/codeligner/modelCodeigniter/codeigniter4-framework-b3359be/system/Database/MySQLi/Connection.php(201): mysqli->real_connect()
#1 /home/itu/Documents/WEB/codeligner/modelCodeigniter/codeigniter4-framework-b3359be/system/Database/BaseConnection.php(555): CodeIgniter\Database\MySQLi\Connection->connect()
#2 /home/itu/Documents/WEB/codeligner/modelCodeigniter/codeigniter4-framework-b3359be/system/Database/BaseConnection.php(795): CodeIgniter\Database\BaseConnection->initialize()
#3 /home/itu/Documents/WEB/codeligner/modelCodeigniter/codeigniter4-framework-b3359be/system/Database/BaseBuilder.php(1733): CodeIgniter\Database\BaseConnection->query()
#4 /home/itu/Documents/WEB/codeligner/modelCodeigniter/codeigniter4-framework-b3359be/system/Model.php(523): CodeIgniter\Database\BaseBuilder->countAllResults()
#5 /home/itu/Documents/WEB/codeligner/modelCodeigniter/codeigniter4-framework-b3359be/system/BaseModel.php(1333): CodeIgniter\Model->countAllResults()
#6 /home/itu/Documents/WEB/codeligner/modelCodeigniter/codeigniter4-framework-b3359be/app/Models/LivreModel.php(90): CodeIgniter\BaseModel->paginate()
#7 /home/itu/Documents/WEB/codeligner/modelCodeigniter/codeigniter4-framework-b3359be/app/Controllers/Livres.php(32): App\Models\LivreModel->getPaginatedLivres()
#8 /home/itu/Documents/WEB/codeligner/modelCodeigniter/codeigniter4-framework-b3359be/system/CodeIgniter.php(951): App\Controllers\Livres->index()
#9 /home/itu/Documents/WEB/codeligner/modelCodeigniter/codeigniter4-framework-b3359be/system/CodeIgniter.php(497): CodeIgniter\CodeIgniter->runController()
#10 /home/itu/Documents/WEB/codeligner/modelCodeigniter/codeigniter4-framework-b3359be/system/CodeIgniter.php(340): CodeIgniter\CodeIgniter->handleRequest()
#11 /home/itu/Documents/WEB/codeligner/modelCodeigniter/codeigniter4-framework-b3359be/system/Boot.php(417): CodeIgniter\CodeIgniter->run()
#12 /home/itu/Documents/WEB/codeligner/modelCodeigniter/codeigniter4-framework-b3359be/system/Boot.php(68): CodeIgniter\Boot::runCodeIgniter()
#13 /home/itu/Documents/WEB/codeligner/modelCodeigniter/codeigniter4-framework-b3359be/public/index.php(59): CodeIgniter\Boot::bootWeb()
#14 {main}

Next CodeIgniter\Database\Exceptions\DatabaseException: No such file or directory in /home/itu/Documents/WEB/codeligner/modelCodeigniter/codeigniter4-framework-b3359be/system/Database/MySQLi/Connection.php:231
Stack trace:
#0 /home/itu/Documents/WEB/codeligner/modelCodeigniter/codeigniter4-framework-b3359be/system/Database/BaseConnection.php(555): CodeIgniter\Database\MySQLi\Connection->connect()
#1 /home/itu/Documents/WEB/codeligner/modelCodeigniter/codeigniter4-framework-b3359be/system/Database/BaseConnection.php(795): CodeIgniter\Database\BaseConnection->initialize()
#2 /home/itu/Documents/WEB/codeligner/modelCodeigniter/codeigniter4-framework-b3359be/system/Database/BaseBuilder.php(1733): CodeIgniter\Database\BaseConnection->query()
#3 /home/itu/Documents/WEB/codeligner/modelCodeigniter/codeigniter4-framework-b3359be/system/Model.php(523): CodeIgniter\Database\BaseBuilder->countAllResults()
#4 /home/itu/Documents/WEB/codeligner/modelCodeigniter/codeigniter4-framework-b3359be/system/BaseModel.php(1333): CodeIgniter\Model->countAllResults()
#5 /home/itu/Documents/WEB/codeligner/modelCodeigniter/codeigniter4-framework-b3359be/app/Models/LivreModel.php(90): CodeIgniter\BaseModel->paginate()
#6 /home/itu/Documents/WEB/codeligner/modelCodeigniter/codeigniter4-framework-b3359be/app/Controllers/Livres.php(32): App\Models\LivreModel->getPaginatedLivres()
#7 /home/itu/Documents/WEB/codeligner/modelCodeigniter/codeigniter4-framework-b3359be/system/CodeIgniter.php(951): App\Controllers\Livres->index()
#8 /home/itu/Documents/WEB/codeligner/modelCodeigniter/codeigniter4-framework-b3359be/system/CodeIgniter.php(497): CodeIgniter\CodeIgniter->runController()
#9 /home/itu/Documents/WEB/codeligner/modelCodeigniter/codeigniter4-framework-b3359be/system/CodeIgniter.php(340): CodeIgniter\CodeIgniter->handleRequest()
#10 /home/itu/Documents/WEB/codeligner/modelCodeigniter/codeigniter4-framework-b3359be/system/Boot.php(417): CodeIgniter\CodeIgniter->run()
#11 /home/itu/Documents/WEB/codeligner/modelCodeigniter/codeigniter4-framework-b3359be/system/Boot.php(68): CodeIgniter\Boot::runCodeIgniter()
#12 /home/itu/Documents/WEB/codeligner/modelCodeigniter/codeigniter4-framework-b3359be/public/index.php(59): CodeIgniter\Boot::bootWeb()
#13 {main}
CRITICAL - 2026-04-20 12:55:11 --> CodeIgniter\Database\Exceptions\DatabaseException: Unable to connect to the database.
Main connection [MySQLi]: No such file or directory
[Method: GET, Route: /]
in SYSTEMPATH/Database/BaseConnection.php on line 606.
 1 SYSTEMPATH/Database/BaseConnection.php(795): CodeIgniter\Database\BaseConnection->initialize()
 2 SYSTEMPATH/Database/BaseBuilder.php(1733): CodeIgniter\Database\BaseConnection->query()
 3 SYSTEMPATH/Model.php(523): CodeIgniter\Database\BaseBuilder->countAllResults()
 4 SYSTEMPATH/BaseModel.php(1333): CodeIgniter\Model->countAllResults()
 5 APPPATH/Models/LivreModel.php(90): CodeIgniter\BaseModel->paginate()
 6 APPPATH/Controllers/Livres.php(32): App\Models\LivreModel->getPaginatedLivres()
 7 SYSTEMPATH/CodeIgniter.php(951): App\Controllers\Livres->index()
 8 SYSTEMPATH/CodeIgniter.php(497): CodeIgniter\CodeIgniter->runController()
 9 SYSTEMPATH/CodeIgniter.php(340): CodeIgniter\CodeIgniter->handleRequest()
10 SYSTEMPATH/Boot.php(417): CodeIgniter\CodeIgniter->run()
11 SYSTEMPATH/Boot.php(68): CodeIgniter\Boot::runCodeIgniter()
12 FCPATH/index.php(59): CodeIgniter\Boot::bootWeb()
ERROR - 2026-04-20 12:55:11 --> Error connecting to the database: mysqli_sql_exception: No such file or directory in /home/itu/Documents/WEB/codeligner/modelCodeigniter/codeigniter4-framework-b3359be/system/Database/MySQLi/Connection.php:201
Stack trace:
#0 /home/itu/Documents/WEB/codeligner/modelCodeigniter/codeigniter4-framework-b3359be/system/Database/MySQLi/Connection.php(201): mysqli->real_connect()
#1 /home/itu/Documents/WEB/codeligner/modelCodeigniter/codeigniter4-framework-b3359be/system/Database/BaseConnection.php(555): CodeIgniter\Database\MySQLi\Connection->connect()
#2 /home/itu/Documents/WEB/codeligner/modelCodeigniter/codeigniter4-framework-b3359be/system/Database/BaseConnection.php(795): CodeIgniter\Database\BaseConnection->initialize()
#3 /home/itu/Documents/WEB/codeligner/modelCodeigniter/codeigniter4-framework-b3359be/system/Database/BaseBuilder.php(1733): CodeIgniter\Database\BaseConnection->query()
#4 /home/itu/Documents/WEB/codeligner/modelCodeigniter/codeigniter4-framework-b3359be/system/Model.php(523): CodeIgniter\Database\BaseBuilder->countAllResults()
#5 /home/itu/Documents/WEB/codeligner/modelCodeigniter/codeigniter4-framework-b3359be/system/BaseModel.php(1333): CodeIgniter\Model->countAllResults()
#6 /home/itu/Documents/WEB/codeligner/modelCodeigniter/codeigniter4-framework-b3359be/app/Models/LivreModel.php(90): CodeIgniter\BaseModel->paginate()
#7 /home/itu/Documents/WEB/codeligner/modelCodeigniter/codeigniter4-framework-b3359be/app/Controllers/Livres.php(32): App\Models\LivreModel->getPaginatedLivres()
#8 /home/itu/Documents/WEB/codeligner/modelCodeigniter/codeigniter4-framework-b3359be/system/CodeIgniter.php(951): App\Controllers\Livres->index()
#9 /home/itu/Documents/WEB/codeligner/modelCodeigniter/codeigniter4-framework-b3359be/system/CodeIgniter.php(497): CodeIgniter\CodeIgniter->runController()
#10 /home/itu/Documents/WEB/codeligner/modelCodeigniter/codeigniter4-framework-b3359be/system/CodeIgniter.php(340): CodeIgniter\CodeIgniter->handleRequest()
#11 /home/itu/Documents/WEB/codeligner/modelCodeigniter/codeigniter4-framework-b3359be/system/Boot.php(417): CodeIgniter\CodeIgniter->run()
#12 /home/itu/Documents/WEB/codeligner/modelCodeigniter/codeigniter4-framework-b3359be/system/Boot.php(68): CodeIgniter\Boot::runCodeIgniter()
#13 /home/itu/Documents/WEB/codeligner/modelCodeigniter/codeigniter4-framework-b3359be/public/index.php(59): CodeIgniter\Boot::bootWeb()
#14 {main}

Next CodeIgniter\Database\Exceptions\DatabaseException: No such file or directory in /home/itu/Documents/WEB/codeligner/modelCodeigniter/codeigniter4-framework-b3359be/system/Database/MySQLi/Connection.php:231
Stack trace:
#0 /home/itu/Documents/WEB/codeligner/modelCodeigniter/codeigniter4-framework-b3359be/system/Database/BaseConnection.php(555): CodeIgniter\Database\MySQLi\Connection->connect()
#1 /home/itu/Documents/WEB/codeligner/modelCodeigniter/codeigniter4-framework-b3359be/system/Database/BaseConnection.php(795): CodeIgniter\Database\BaseConnection->initialize()
#2 /home/itu/Documents/WEB/codeligner/modelCodeigniter/codeigniter4-framework-b3359be/system/Database/BaseBuilder.php(1733): CodeIgniter\Database\BaseConnection->query()
#3 /home/itu/Documents/WEB/codeligner/modelCodeigniter/codeigniter4-framework-b3359be/system/Model.php(523): CodeIgniter\Database\BaseBuilder->countAllResults()
#4 /home/itu/Documents/WEB/codeligner/modelCodeigniter/codeigniter4-framework-b3359be/system/BaseModel.php(1333): CodeIgniter\Model->countAllResults()
#5 /home/itu/Documents/WEB/codeligner/modelCodeigniter/codeigniter4-framework-b3359be/app/Models/LivreModel.php(90): CodeIgniter\BaseModel->paginate()
#6 /home/itu/Documents/WEB/codeligner/modelCodeigniter/codeigniter4-framework-b3359be/app/Controllers/Livres.php(32): App\Models\LivreModel->getPaginatedLivres()
#7 /home/itu/Documents/WEB/codeligner/modelCodeigniter/codeigniter4-framework-b3359be/system/CodeIgniter.php(951): App\Controllers\Livres->index()
#8 /home/itu/Documents/WEB/codeligner/modelCodeigniter/codeigniter4-framework-b3359be/system/CodeIgniter.php(497): CodeIgniter\CodeIgniter->runController()
#9 /home/itu/Documents/WEB/codeligner/modelCodeigniter/codeigniter4-framework-b3359be/system/CodeIgniter.php(340): CodeIgniter\CodeIgniter->handleRequest()
#10 /home/itu/Documents/WEB/codeligner/modelCodeigniter/codeigniter4-framework-b3359be/system/Boot.php(417): CodeIgniter\CodeIgniter->run()
#11 /home/itu/Documents/WEB/codeligner/modelCodeigniter/codeigniter4-framework-b3359be/system/Boot.php(68): CodeIgniter\Boot::runCodeIgniter()
#12 /home/itu/Documents/WEB/codeligner/modelCodeigniter/codeigniter4-framework-b3359be/public/index.php(59): CodeIgniter\Boot::bootWeb()
#13 {main}
CRITICAL - 2026-04-20 12:55:11 --> CodeIgniter\Database\Exceptions\DatabaseException: Unable to connect to the database.
Main connection [MySQLi]: No such file or directory
[Method: GET, Route: /]
in SYSTEMPATH/Database/BaseConnection.php on line 606.
 1 SYSTEMPATH/Database/BaseConnection.php(795): CodeIgniter\Database\BaseConnection->initialize()
 2 SYSTEMPATH/Database/BaseBuilder.php(1733): CodeIgniter\Database\BaseConnection->query()
 3 SYSTEMPATH/Model.php(523): CodeIgniter\Database\BaseBuilder->countAllResults()
 4 SYSTEMPATH/BaseModel.php(1333): CodeIgniter\Model->countAllResults()
 5 APPPATH/Models/LivreModel.php(90): CodeIgniter\BaseModel->paginate()
 6 APPPATH/Controllers/Livres.php(32): App\Models\LivreModel->getPaginatedLivres()
 7 SYSTEMPATH/CodeIgniter.php(951): App\Controllers\Livres->index()
 8 SYSTEMPATH/CodeIgniter.php(497): CodeIgniter\CodeIgniter->runController()
 9 SYSTEMPATH/CodeIgniter.php(340): CodeIgniter\CodeIgniter->handleRequest()
10 SYSTEMPATH/Boot.php(417): CodeIgniter\CodeIgniter->run()
11 SYSTEMPATH/Boot.php(68): CodeIgniter\Boot::runCodeIgniter()
12 FCPATH/index.php(59): CodeIgniter\Boot::bootWeb()
ERROR - 2026-04-20 12:55:12 --> Error connecting to the database: mysqli_sql_exception: No such file or directory in /home/itu/Documents/WEB/codeligner/modelCodeigniter/codeigniter4-framework-b3359be/system/Database/MySQLi/Connection.php:201
Stack trace:
#0 /home/itu/Documents/WEB/codeligner/modelCodeigniter/codeigniter4-framework-b3359be/system/Database/MySQLi/Connection.php(201): mysqli->real_connect()
#1 /home/itu/Documents/WEB/codeligner/modelCodeigniter/codeigniter4-framework-b3359be/system/Database/BaseConnection.php(555): CodeIgniter\Database\MySQLi\Connection->connect()
#2 /home/itu/Documents/WEB/codeligner/modelCodeigniter/codeigniter4-framework-b3359be/system/Database/BaseConnection.php(795): CodeIgniter\Database\BaseConnection->initialize()
#3 /home/itu/Documents/WEB/codeligner/modelCodeigniter/codeigniter4-framework-b3359be/system/Database/BaseBuilder.php(1733): CodeIgniter\Database\BaseConnection->query()
#4 /home/itu/Documents/WEB/codeligner/modelCodeigniter/codeigniter4-framework-b3359be/system/Model.php(523): CodeIgniter\Database\BaseBuilder->countAllResults()
#5 /home/itu/Documents/WEB/codeligner/modelCodeigniter/codeigniter4-framework-b3359be/system/BaseModel.php(1333): CodeIgniter\Model->countAllResults()
#6 /home/itu/Documents/WEB/codeligner/modelCodeigniter/codeigniter4-framework-b3359be/app/Models/LivreModel.php(90): CodeIgniter\BaseModel->paginate()
#7 /home/itu/Documents/WEB/codeligner/modelCodeigniter/codeigniter4-framework-b3359be/app/Controllers/Livres.php(32): App\Models\LivreModel->getPaginatedLivres()
#8 /home/itu/Documents/WEB/codeligner/modelCodeigniter/codeigniter4-framework-b3359be/system/CodeIgniter.php(951): App\Controllers\Livres->index()
#9 /home/itu/Documents/WEB/codeligner/modelCodeigniter/codeigniter4-framework-b3359be/system/CodeIgniter.php(497): CodeIgniter\CodeIgniter->runController()
#10 /home/itu/Documents/WEB/codeligner/modelCodeigniter/codeigniter4-framework-b3359be/system/CodeIgniter.php(340): CodeIgniter\CodeIgniter->handleRequest()
#11 /home/itu/Documents/WEB/codeligner/modelCodeigniter/codeigniter4-framework-b3359be/system/Boot.php(417): CodeIgniter\CodeIgniter->run()
#12 /home/itu/Documents/WEB/codeligner/modelCodeigniter/codeigniter4-framework-b3359be/system/Boot.php(68): CodeIgniter\Boot::runCodeIgniter()
#13 /home/itu/Documents/WEB/codeligner/modelCodeigniter/codeigniter4-framework-b3359be/public/index.php(59): CodeIgniter\Boot::bootWeb()
#14 {main}

Next CodeIgniter\Database\Exceptions\DatabaseException: No such file or directory in /home/itu/Documents/WEB/codeligner/modelCodeigniter/codeigniter4-framework-b3359be/system/Database/MySQLi/Connection.php:231
Stack trace:
#0 /home/itu/Documents/WEB/codeligner/modelCodeigniter/codeigniter4-framework-b3359be/system/Database/BaseConnection.php(555): CodeIgniter\Database\MySQLi\Connection->connect()
#1 /home/itu/Documents/WEB/codeligner/modelCodeigniter/codeigniter4-framework-b3359be/system/Database/BaseConnection.php(795): CodeIgniter\Database\BaseConnection->initialize()
#2 /home/itu/Documents/WEB/codeligner/modelCodeigniter/codeigniter4-framework-b3359be/system/Database/BaseBuilder.php(1733): CodeIgniter\Database\BaseConnection->query()
#3 /home/itu/Documents/WEB/codeligner/modelCodeigniter/codeigniter4-framework-b3359be/system/Model.php(523): CodeIgniter\Database\BaseBuilder->countAllResults()
#4 /home/itu/Documents/WEB/codeligner/modelCodeigniter/codeigniter4-framework-b3359be/system/BaseModel.php(1333): CodeIgniter\Model->countAllResults()
#5 /home/itu/Documents/WEB/codeligner/modelCodeigniter/codeigniter4-framework-b3359be/app/Models/LivreModel.php(90): CodeIgniter\BaseModel->paginate()
#6 /home/itu/Documents/WEB/codeligner/modelCodeigniter/codeigniter4-framework-b3359be/app/Controllers/Livres.php(32): App\Models\LivreModel->getPaginatedLivres()
#7 /home/itu/Documents/WEB/codeligner/modelCodeigniter/codeigniter4-framework-b3359be/system/CodeIgniter.php(951): App\Controllers\Livres->index()
#8 /home/itu/Documents/WEB/codeligner/modelCodeigniter/codeigniter4-framework-b3359be/system/CodeIgniter.php(497): CodeIgniter\CodeIgniter->runController()
#9 /home/itu/Documents/WEB/codeligner/modelCodeigniter/codeigniter4-framework-b3359be/system/CodeIgniter.php(340): CodeIgniter\CodeIgniter->handleRequest()
#10 /home/itu/Documents/WEB/codeligner/modelCodeigniter/codeigniter4-framework-b3359be/system/Boot.php(417): CodeIgniter\CodeIgniter->run()
#11 /home/itu/Documents/WEB/codeligner/modelCodeigniter/codeigniter4-framework-b3359be/system/Boot.php(68): CodeIgniter\Boot::runCodeIgniter()
#12 /home/itu/Documents/WEB/codeligner/modelCodeigniter/codeigniter4-framework-b3359be/public/index.php(59): CodeIgniter\Boot::bootWeb()
#13 {main}
CRITICAL - 2026-04-20 12:55:12 --> CodeIgniter\Database\Exceptions\DatabaseException: Unable to connect to the database.
Main connection [MySQLi]: No such file or directory
[Method: GET, Route: /]
in SYSTEMPATH/Database/BaseConnection.php on line 606.
 1 SYSTEMPATH/Database/BaseConnection.php(795): CodeIgniter\Database\BaseConnection->initialize()
 2 SYSTEMPATH/Database/BaseBuilder.php(1733): CodeIgniter\Database\BaseConnection->query()
 3 SYSTEMPATH/Model.php(523): CodeIgniter\Database\BaseBuilder->countAllResults()
 4 SYSTEMPATH/BaseModel.php(1333): CodeIgniter\Model->countAllResults()
 5 APPPATH/Models/LivreModel.php(90): CodeIgniter\BaseModel->paginate()
 6 APPPATH/Controllers/Livres.php(32): App\Models\LivreModel->getPaginatedLivres()
 7 SYSTEMPATH/CodeIgniter.php(951): App\Controllers\Livres->index()
 8 SYSTEMPATH/CodeIgniter.php(497): CodeIgniter\CodeIgniter->runController()
 9 SYSTEMPATH/CodeIgniter.php(340): CodeIgniter\CodeIgniter->handleRequest()
10 SYSTEMPATH/Boot.php(417): CodeIgniter\CodeIgniter->run()
11 SYSTEMPATH/Boot.php(68): CodeIgniter\Boot::runCodeIgniter()
12 FCPATH/index.php(59): CodeIgniter\Boot::bootWeb()
